// Jest Snapshot v1, https://goo.gl/fbAQLP

exports[`Basic example Snapshot 1`] = `
<div>
  <div
    css="You have tried to stringify object returned from \`css\` function. It isn't supposed to be used directly (e.g. as value of the \`className\` prop), but rather handed to emotion so it can handle it (e.g. as value of \`css\` prop)."
  >
    <div
      data-testid="use-spring-carousel-wrapper"
      style="display: flex; position: relative; width: 100%; height: 100%; overflow: hidden;"
    >
      <div
        data-testid="use-spring-carousel-animated-wrapper"
        style="display: flex; flex-direction: row; top: 0px; left: 0px; width: 100%; height: 100%; position: relative; transform: none;"
      >
        <div
          data-testid="use-spring-carousel-item-wrapper"
          style="display: flex; flex: 1 0 calc(100% / 1); position: relative;"
        >
          <div
            css="You have tried to stringify object returned from \`css\` function. It isn't supposed to be used directly (e.g. as value of the \`className\` prop), but rather handed to emotion so it can handle it (e.g. as value of \`css\` prop)."
          >
            Item 1
          </div>
        </div>
        <div
          data-testid="use-spring-carousel-item-wrapper"
          style="display: flex; flex: 1 0 calc(100% / 1); position: relative;"
        >
          <div
            css="You have tried to stringify object returned from \`css\` function. It isn't supposed to be used directly (e.g. as value of the \`className\` prop), but rather handed to emotion so it can handle it (e.g. as value of \`css\` prop)."
          >
            Item 2
          </div>
        </div>
        <div
          data-testid="use-spring-carousel-item-wrapper"
          style="display: flex; flex: 1 0 calc(100% / 1); position: relative;"
        >
          <div
            css="You have tried to stringify object returned from \`css\` function. It isn't supposed to be used directly (e.g. as value of the \`className\` prop), but rather handed to emotion so it can handle it (e.g. as value of \`css\` prop)."
          >
            Item 3
          </div>
        </div>
        <div
          data-testid="use-spring-carousel-item-wrapper"
          style="display: flex; flex: 1 0 calc(100% / 1); position: relative;"
        >
          <div
            css="You have tried to stringify object returned from \`css\` function. It isn't supposed to be used directly (e.g. as value of the \`className\` prop), but rather handed to emotion so it can handle it (e.g. as value of \`css\` prop)."
          >
            Item 4
          </div>
        </div>
        <div
          data-testid="use-spring-carousel-item-wrapper"
          style="display: flex; flex: 1 0 calc(100% / 1); position: relative;"
        >
          <div
            css="You have tried to stringify object returned from \`css\` function. It isn't supposed to be used directly (e.g. as value of the \`className\` prop), but rather handed to emotion so it can handle it (e.g. as value of \`css\` prop)."
          >
            Item 5
          </div>
        </div>
        <div
          data-testid="use-spring-carousel-item-wrapper"
          style="display: flex; flex: 1 0 calc(100% / 1); position: relative;"
        >
          <div
            css="You have tried to stringify object returned from \`css\` function. It isn't supposed to be used directly (e.g. as value of the \`className\` prop), but rather handed to emotion so it can handle it (e.g. as value of \`css\` prop)."
          >
            Item 6
          </div>
        </div>
      </div>
    </div>
  </div>
</div>
`;
